[2026-08-25 10:15:26,268][__main__][INFO] - Loading dataset with predictions and references ...
[2026-08-25 10:15:26,269][__main__][INFO] - Dataset config: {'predictions': {'_target_': 'kibad_llm.dataset.prediction.load_with_metadata', 'log': 'logs/587_UnionChunkingExtractor/predict/multiruns/2026-08-23_15-04-56/1', 'file': None, 'id_key': 'file_name', 'process_id': {'_partial_': True, '_target_': 'kibad_llm.utils.path.strip_filename_extension'}, 'preprocess': {'_target_': 'kibad_llm.utils.dictionary.get', '_partial_': True, 'key': 'structured'}}, 'references': {'_target_': 'kibad_llm.dataset.json.read_and_preprocess', 'file': '../interim/faktencheck-db/faktenscheck_core_corrected.jsonl', 'id_key': 'zotitem_ptr_id'}, '_target_': 'kibad_llm.dataset.utils.merge_references_into_predictions'}
[2026-08-25 10:15:26,270][kibad_llm.dataset.json][INFO] - Loading dataset from JSON file: predictions/587_UnionChunkingExtractor/2026-08-23_15-04-56/2026-08-23_22-22-09_581469/predictions.jsonl ...
[2026-08-25 10:15:26,351][kibad_llm.dataset.json][INFO] - Apply preprocessing function to dataset: functools.partial(<function get at 0x7ff536865f80>, key='structured') ...
[2026-08-25 10:15:26,354][kibad_llm.dataset.json][INFO] - Loading dataset from JSON file: ../interim/faktencheck-db/faktenscheck_core_corrected.jsonl ...
[2026-08-25 10:15:26,354][__main__][INFO] - Instantiating metric ...
[2026-08-25 10:15:26,354][__main__][INFO] - Metric config: {'_target_': 'kibad_llm.metrics.F1MicroMultipleFieldsMetric', 'fields': ['habitat', 'biodiversity_level', 'ecosystem_type.term', 'ecosystem_type.category', 'taxa.species_group'], 'format_as_markdown': True, 'sort_fields': True, 'flatten_dicts': True}
[2026-08-25 10:15:26,355][__main__][INFO] - Computing metric ...
[2026-08-25 10:15:26,377][kibad_llm.metric][INFO] - Evaluation results:
| field                   |   precision |   recall |    f1 |   support |
|:------------------------|------------:|---------:|------:|----------:|
| biodiversity_level      |       0.524 |    0.758 | 0.619 |     132   |
| ecosystem_type.category |       0.627 |    0.636 | 0.631 |     140   |
| ecosystem_type.term     |       0.443 |    0.425 | 0.434 |     240   |
| habitat                 |       0.719 |    0.868 | 0.787 |     189   |
| taxa.species_group      |       0.515 |    0.728 | 0.603 |     213   |
| AVG                     |       0.566 |    0.683 | 0.615 |     182.8 |
| ALL                     |       0.559 |    0.667 | 0.608 |     914   |
[2026-08-25 10:15:26,378][kibad_llm.hydra_callbacks.save_job_return_value.SaveJobReturnValueCallback][INFO] - Saving job_return in /home/hugo/programming/kiba/UniChuEx/logs/587_UnionChunkingExtractor/evaluate/multiruns/2026-08-25_10-15-25/1/job_return_value.json
[2026-08-25 10:15:26,378][kibad_llm.hydra_callbacks.save_job_return_value.SaveJobReturnValueCallback][INFO] - Saving job_return in /home/hugo/programming/kiba/UniChuEx/logs/587_UnionChunkingExtractor/evaluate/multiruns/2026-08-25_10-15-25/1/job_return_value.md
