[2026-08-23 15:08:16,836][__main__][INFO] - Loading dataset with predictions and references ...
[2026-08-23 15:08:16,836][__main__][INFO] - Dataset config: {'predictions': {'_target_': 'kibad_llm.dataset.prediction.load_with_metadata', 'log': 'logs/587_UnionChunkingExtractor/predict/multiruns/2026-08-20_15-17-50/1', 'file': None, 'id_key': 'file_name', 'process_id': {'_partial_': True, '_target_': 'kibad_llm.utils.path.strip_filename_extension'}, 'preprocess': {'_target_': 'kibad_llm.utils.dictionary.get', '_partial_': True, 'key': 'structured'}}, 'references': {'_target_': 'kibad_llm.dataset.json.read_and_preprocess', 'file': '../interim/faktencheck-db/faktenscheck_core_corrected.jsonl', 'id_key': 'zotitem_ptr_id'}, '_target_': 'kibad_llm.dataset.utils.merge_references_into_predictions'}
[2026-08-23 15:08:16,837][kibad_llm.dataset.json][INFO] - Loading dataset from JSON file: predictions/587_UnionChunkingExtractor/2026-08-20_15-17-50/2026-08-20_22-16-32_846129/predictions.jsonl ...
[2026-08-23 15:08:16,917][kibad_llm.dataset.json][INFO] - Apply preprocessing function to dataset: functools.partial(<function get at 0x7fbfb5a8cea0>, key='structured') ...
[2026-08-23 15:08:16,920][kibad_llm.dataset.json][INFO] - Loading dataset from JSON file: ../interim/faktencheck-db/faktenscheck_core_corrected.jsonl ...
[2026-08-23 15:08:16,920][__main__][INFO] - Instantiating metric ...
[2026-08-23 15:08:16,920][__main__][INFO] - Metric config: {'_target_': 'kibad_llm.metrics.F1MicroMultipleFieldsMetric', 'fields': ['habitat', 'biodiversity_level', 'ecosystem_type.term', 'ecosystem_type.category', 'taxa.species_group'], 'format_as_markdown': True, 'sort_fields': True, 'flatten_dicts': True}
[2026-08-23 15:08:16,921][__main__][INFO] - Computing metric ...
[2026-08-23 15:08:16,942][kibad_llm.metric][INFO] - Evaluation results:
| field                   |   precision |   recall |    f1 |   support |
|:------------------------|------------:|---------:|------:|----------:|
| biodiversity_level      |       0.528 |    0.773 | 0.628 |     132   |
| ecosystem_type.category |       0.597 |    0.679 | 0.635 |     140   |
| ecosystem_type.term     |       0.394 |    0.471 | 0.429 |     240   |
| habitat                 |       0.692 |    0.868 | 0.77  |     189   |
| taxa.species_group      |       0.52  |    0.779 | 0.624 |     213   |
| AVG                     |       0.546 |    0.714 | 0.617 |     182.8 |
| ALL                     |       0.536 |    0.7   | 0.607 |     914   |
[2026-08-23 15:08:16,942][kibad_llm.hydra_callbacks.save_job_return_value.SaveJobReturnValueCallback][INFO] - Saving job_return in /home/hugo/programming/kiba/UniChuEx/logs/587_UnionChunkingExtractor/evaluate/multiruns/2026-08-23_15-08-16/1/job_return_value.json
[2026-08-23 15:08:16,943][kibad_llm.hydra_callbacks.save_job_return_value.SaveJobReturnValueCallback][INFO] - Saving job_return in /home/hugo/programming/kiba/UniChuEx/logs/587_UnionChunkingExtractor/evaluate/multiruns/2026-08-23_15-08-16/1/job_return_value.md
