[2026-09-14 13:09:01,143][__main__][INFO] - Loading dataset with predictions and references ...
[2026-09-14 13:09:01,143][__main__][INFO] - Dataset config: {'predictions': {'_target_': 'kibad_llm.dataset.prediction.load_with_metadata', 'log': 'logs/587_MultiPassExtractor/predict/multiruns/2026-09-10_13-11-55-547617/1', 'file': None, 'id_key': 'file_name', 'process_id': {'_partial_': True, '_target_': 'kibad_llm.utils.path.strip_filename_extension'}, 'preprocess': {'_target_': 'kibad_llm.utils.dictionary.get', '_partial_': True, 'key': 'structured'}}, 'references': {'_target_': 'kibad_llm.dataset.json.read_and_preprocess', 'file': '../interim/faktencheck-db/faktenscheck_core_corrected.jsonl', 'id_key': 'zotitem_ptr_id'}, '_target_': 'kibad_llm.dataset.utils.merge_references_into_predictions'}
[2026-09-14 13:09:01,145][kibad_llm.dataset.json][INFO] - Loading dataset from JSON file: predictions/587_MultiPassExtractor/2026-09-10_13-11-55-547617/2026-09-11_01-11-42_112140/predictions.jsonl ...
[2026-09-14 13:09:01,245][kibad_llm.dataset.json][INFO] - Apply preprocessing function to dataset: functools.partial(<function get at 0x7f670e1d5f80>, key='structured') ...
[2026-09-14 13:09:01,248][kibad_llm.dataset.json][INFO] - Loading dataset from JSON file: ../interim/faktencheck-db/faktenscheck_core_corrected.jsonl ...
[2026-09-14 13:09:01,249][__main__][INFO] - Instantiating metric ...
[2026-09-14 13:09:01,249][__main__][INFO] - Metric config: {'_target_': 'kibad_llm.metrics.F1MicroMultipleFieldsMetric', 'fields': ['habitat', 'biodiversity_level', 'ecosystem_type.term', 'ecosystem_type.category', 'taxa.species_group'], 'format_as_markdown': True, 'sort_fields': True, 'flatten_dicts': True}
[2026-09-14 13:09:01,250][__main__][INFO] - Computing metric ...
[2026-09-14 13:09:01,273][kibad_llm.metric][INFO] - Evaluation results:
| field                   |   precision |   recall |    f1 |   support |
|:------------------------|------------:|---------:|------:|----------:|
| biodiversity_level      |       0.493 |    0.788 | 0.606 |     132   |
| ecosystem_type.category |       0.593 |    0.686 | 0.636 |     140   |
| ecosystem_type.term     |       0.418 |    0.488 | 0.45  |     240   |
| habitat                 |       0.663 |    0.937 | 0.776 |     189   |
| taxa.species_group      |       0.515 |    0.728 | 0.603 |     213   |
| AVG                     |       0.536 |    0.725 | 0.614 |     182.8 |
| ALL                     |       0.532 |    0.71  | 0.608 |     914   |
[2026-09-14 13:09:01,274][kibad_llm.hydra_callbacks.save_job_return_value.SaveJobReturnValueCallback][INFO] - Saving job_return in /home/hugo/programming/kiba/UniChuEx/logs/587_MultiPassExtractor/evaluate/multiruns/2026-09-14_13-09-00-808991/1/job_return_value.json
[2026-09-14 13:09:01,274][kibad_llm.hydra_callbacks.save_job_return_value.SaveJobReturnValueCallback][INFO] - Saving job_return in /home/hugo/programming/kiba/UniChuEx/logs/587_MultiPassExtractor/evaluate/multiruns/2026-09-14_13-09-00-808991/1/job_return_value.md
