[2026-08-25 10:15:26,426][__main__][INFO] - Loading dataset with predictions and references ...
[2026-08-25 10:15:26,427][__main__][INFO] - Dataset config: {'predictions': {'_target_': 'kibad_llm.dataset.prediction.load_with_metadata', 'log': 'logs/587_UnionChunkingExtractor/predict/multiruns/2026-08-23_15-04-56/2', 'file': None, 'id_key': 'file_name', 'process_id': {'_partial_': True, '_target_': 'kibad_llm.utils.path.strip_filename_extension'}, 'preprocess': {'_target_': 'kibad_llm.utils.dictionary.get', '_partial_': True, 'key': 'structured'}}, 'references': {'_target_': 'kibad_llm.dataset.json.read_and_preprocess', 'file': '../interim/faktencheck-db/faktenscheck_core_corrected.jsonl', 'id_key': 'zotitem_ptr_id'}, '_target_': 'kibad_llm.dataset.utils.merge_references_into_predictions'}
[2026-08-25 10:15:26,428][kibad_llm.dataset.json][INFO] - Loading dataset from JSON file: predictions/587_UnionChunkingExtractor/2026-08-23_15-04-56/2026-08-24_05-32-19_768179/predictions.jsonl ...
[2026-08-25 10:15:26,500][kibad_llm.dataset.json][INFO] - Apply preprocessing function to dataset: functools.partial(<function get at 0x7ff536865f80>, key='structured') ...
[2026-08-25 10:15:26,504][kibad_llm.dataset.json][INFO] - Loading dataset from JSON file: ../interim/faktencheck-db/faktenscheck_core_corrected.jsonl ...
[2026-08-25 10:15:26,504][__main__][INFO] - Instantiating metric ...
[2026-08-25 10:15:26,504][__main__][INFO] - Metric config: {'_target_': 'kibad_llm.metrics.F1MicroMultipleFieldsMetric', 'fields': ['habitat', 'biodiversity_level', 'ecosystem_type.term', 'ecosystem_type.category', 'taxa.species_group'], 'format_as_markdown': True, 'sort_fields': True, 'flatten_dicts': True}
[2026-08-25 10:15:26,505][__main__][INFO] - Computing metric ...
[2026-08-25 10:15:26,527][kibad_llm.metric][INFO] - Evaluation results:
| field                   |   precision |   recall |    f1 |   support |
|:------------------------|------------:|---------:|------:|----------:|
| biodiversity_level      |       0.528 |    0.788 | 0.632 |     132   |
| ecosystem_type.category |       0.669 |    0.679 | 0.674 |     140   |
| ecosystem_type.term     |       0.402 |    0.454 | 0.427 |     240   |
| habitat                 |       0.705 |    0.884 | 0.784 |     189   |
| taxa.species_group      |       0.539 |    0.742 | 0.625 |     213   |
| AVG                     |       0.569 |    0.709 | 0.628 |     182.8 |
| ALL                     |       0.555 |    0.693 | 0.616 |     914   |
[2026-08-25 10:15:26,527][kibad_llm.hydra_callbacks.save_job_return_value.SaveJobReturnValueCallback][INFO] - Saving job_return in /home/hugo/programming/kiba/UniChuEx/logs/587_UnionChunkingExtractor/evaluate/multiruns/2026-08-25_10-15-25/2/job_return_value.json
[2026-08-25 10:15:26,528][kibad_llm.hydra_callbacks.save_job_return_value.SaveJobReturnValueCallback][INFO] - Saving job_return in /home/hugo/programming/kiba/UniChuEx/logs/587_UnionChunkingExtractor/evaluate/multiruns/2026-08-25_10-15-25/2/job_return_value.md
