[2026-08-23 15:08:35,646][__main__][INFO] - Loading dataset with predictions and references ...
[2026-08-23 15:08:35,646][__main__][INFO] - Dataset config: {'predictions': {'_target_': 'kibad_llm.dataset.prediction.load_with_metadata', 'log': 'logs/587_UnionChunkingExtractor/predict/multiruns/2026-08-20_15-17-50/1', 'file': None, 'id_key': 'file_name', 'process_id': {'_partial_': True, '_target_': 'kibad_llm.utils.path.strip_filename_extension'}, 'preprocess': None}, '_target_': 'kibad_llm.dataset.utils.merge_references_into_predictions', 'references': {}, 'allow_missing_references': True}
[2026-08-23 15:08:35,647][kibad_llm.dataset.json][INFO] - Loading dataset from JSON file: predictions/587_UnionChunkingExtractor/2026-08-20_15-17-50/2026-08-20_22-16-32_846129/predictions.jsonl ...
[2026-08-23 15:08:35,728][__main__][INFO] - Instantiating metric ...
[2026-08-23 15:08:35,729][__main__][INFO] - Metric config: {'_target_': 'kibad_llm.metrics.ErrorCollector', 'type_separator': ': ', 'show_errors': True}
[2026-08-23 15:08:35,729][__main__][INFO] - Computing metric ...
[2026-08-23 15:08:35,729][kibad_llm.metrics.errors][INFO] - Collected error (id=3E8X2AK3): JSONDecodeError: Unterminated string starting at: line 614 column 28 (char 20648)
[2026-08-23 15:08:35,729][kibad_llm.metrics.errors][INFO] - Collected error (id=3E8X2AK3): JSONDecodeError: Unterminated string starting at: line 1 column 13270 (char 13269)
[2026-08-23 15:08:35,729][kibad_llm.metrics.errors][INFO] - Collected error (id=3LGPK6BL): JSONDecodeError: Unterminated string starting at: line 230 column 28 (char 10772)
[2026-08-23 15:08:35,729][kibad_llm.metrics.errors][INFO] - Collected error (id=5SIYLM9W): JSONDecodeError: Unterminated string starting at: line 413 column 20 (char 13384)
[2026-08-23 15:08:35,729][kibad_llm.metrics.errors][INFO] - Collected error (id=6792YBL7): JSONDecodeError: Unterminated string starting at: line 1 column 17168 (char 17167)
[2026-08-23 15:08:35,729][kibad_llm.metrics.errors][INFO] - Collected error (id=6G2THNDX): JSONDecodeError: Unterminated string starting at: line 1 column 15447 (char 15446)
[2026-08-23 15:08:35,729][kibad_llm.metrics.errors][INFO] - Collected error (id=6G2THNDX): JSONDecodeError: Unterminated string starting at: line 1 column 8389 (char 8388)
[2026-08-23 15:08:35,729][kibad_llm.metric][INFO] - Evaluation results:
{
  "no_error": 3303,
  "with_error": 7,
  "JSONDecodeError": 7
}
[2026-08-23 15:08:35,732][kibad_llm.hydra_callbacks.save_job_return_value.SaveJobReturnValueCallback][INFO] - Saving job_return in /home/hugo/programming/kiba/UniChuEx/logs/587_UnionChunkingExtractor/evaluate/multiruns/2026-08-23_15-08-35/1/job_return_value.json
[2026-08-23 15:08:35,732][kibad_llm.hydra_callbacks.save_job_return_value.SaveJobReturnValueCallback][INFO] - Saving job_return in /home/hugo/programming/kiba/UniChuEx/logs/587_UnionChunkingExtractor/evaluate/multiruns/2026-08-23_15-08-35/1/job_return_value.md
