[2026-09-14 13:09:00,957][__main__][INFO] - Loading dataset with predictions and references ...
[2026-09-14 13:09:00,957][__main__][INFO] - Dataset config: {'predictions': {'_target_': 'kibad_llm.dataset.prediction.load_with_metadata', 'log': 'logs/587_MultiPassExtractor/predict/multiruns/2026-09-10_13-11-55-547617/0', 'file': None, 'id_key': 'file_name', 'process_id': {'_partial_': True, '_target_': 'kibad_llm.utils.path.strip_filename_extension'}, 'preprocess': {'_target_': 'kibad_llm.utils.dictionary.get', '_partial_': True, 'key': 'structured'}}, 'references': {'_target_': 'kibad_llm.dataset.json.read_and_preprocess', 'file': '../interim/faktencheck-db/faktenscheck_core_corrected.jsonl', 'id_key': 'zotitem_ptr_id'}, '_target_': 'kibad_llm.dataset.utils.merge_references_into_predictions'}
[2026-09-14 13:09:00,958][kibad_llm.dataset.json][INFO] - Loading dataset from JSON file: predictions/587_MultiPassExtractor/2026-09-10_13-11-55-547617/2026-09-10_13-11-56_360544/predictions.jsonl ...
[2026-09-14 13:09:01,054][kibad_llm.dataset.json][INFO] - Apply preprocessing function to dataset: functools.partial(<function get at 0x7f670e1d5f80>, key='structured') ...
[2026-09-14 13:09:01,057][kibad_llm.dataset.json][INFO] - Loading dataset from JSON file: ../interim/faktencheck-db/faktenscheck_core_corrected.jsonl ...
[2026-09-14 13:09:01,058][__main__][INFO] - Instantiating metric ...
[2026-09-14 13:09:01,059][__main__][INFO] - Metric config: {'_target_': 'kibad_llm.metrics.F1MicroMultipleFieldsMetric', 'fields': ['habitat', 'biodiversity_level', 'ecosystem_type.term', 'ecosystem_type.category', 'taxa.species_group'], 'format_as_markdown': True, 'sort_fields': True, 'flatten_dicts': True}
[2026-09-14 13:09:01,061][__main__][INFO] - Computing metric ...
[2026-09-14 13:09:01,094][kibad_llm.metric][INFO] - Evaluation results:
| field                   |   precision |   recall |    f1 |   support |
|:------------------------|------------:|---------:|------:|----------:|
| biodiversity_level      |       0.477 |    0.803 | 0.599 |     132   |
| ecosystem_type.category |       0.587 |    0.721 | 0.647 |     140   |
| ecosystem_type.term     |       0.365 |    0.462 | 0.408 |     240   |
| habitat                 |       0.669 |    0.921 | 0.775 |     189   |
| taxa.species_group      |       0.525 |    0.732 | 0.612 |     213   |
| AVG                     |       0.525 |    0.728 | 0.608 |     182.8 |
| ALL                     |       0.516 |    0.709 | 0.598 |     914   |
[2026-09-14 13:09:01,094][kibad_llm.hydra_callbacks.save_job_return_value.SaveJobReturnValueCallback][INFO] - Saving job_return in /home/hugo/programming/kiba/UniChuEx/logs/587_MultiPassExtractor/evaluate/multiruns/2026-09-14_13-09-00-808991/0/job_return_value.json
[2026-09-14 13:09:01,095][kibad_llm.hydra_callbacks.save_job_return_value.SaveJobReturnValueCallback][INFO] - Saving job_return in /home/hugo/programming/kiba/UniChuEx/logs/587_MultiPassExtractor/evaluate/multiruns/2026-09-14_13-09-00-808991/0/job_return_value.md
